// Vitest Snapshot v1, https://vitest.dev/guide/snapshot.html

exports[`Map snapshot 1`] = `
<div>
  <div />
  <div>
    Loading...
  </div>
</div>
`;
